<?xml version="1.0" encoding="utf-8"?><testsuites><testsuite name="pytest" errors="0" failures="0" skipped="0" tests="25" time="0.153" timestamp="2025-09-18T16:49:44.636479+03:00" hostname="solomon"><testcase classname="tests.test_helpers" name="test_parse_bible_reference_success[John 3:16-JHN-3-16-16]" time="0.001" /><testcase classname="tests.test_helpers" name="test_parse_bible_reference_success[Matt 5:1-10-MAT-5-1-10]" time="0.001" /><testcase classname="tests.test_helpers" name="test_parse_bible_reference_success[Genesis 1:1-GEN-1-1-1]" time="0.001" /><testcase classname="tests.test_helpers" name="test_parse_bible_reference_success[Ps 23:1-PSA-23-1-1]" time="0.001" /><testcase classname="tests.test_helpers" name="test_parse_bible_reference_fail[]" time="0.001" /><testcase classname="tests.test_helpers" name="test_parse_bible_reference_fail[NotARef]" time="0.001" /><testcase classname="tests.test_helpers" name="test_parse_bible_reference_fail[Jn]" time="0.002" /><testcase classname="tests.test_helpers" name="test_parse_bible_reference_fail[John3:16]" time="0.001" /><testcase classname="tests.test_helpers" name="test_parse_bible_reference_fail[John 3]" time="0.001" /><testcase classname="tests.test_helpers" name="test_parse_bible_reference_fail[1 Unknown 5:1]" time="0.001" /><testcase classname="tests.test_helpers" name="test_render_verse_response_basic" time="0.001" /><testcase classname="tests.test_helpers" name="test_render_verse_response_with_numbers" time="0.001" /><testcase classname="tests.test_helpers" name="test_get_translation_defaults_to_first" time="0.001" /><testcase classname="tests.test_root_and_reference" name="test_root_html" time="0.026" /><testcase classname="tests.test_root_and_reference" name="test_root_random_json" time="0.004" /><testcase classname="tests.test_root_and_reference" name="test_reference_endpoint_success" time="0.003" /><testcase classname="tests.test_root_and_reference" name="test_reference_endpoint_not_found" time="0.004" /><testcase classname="tests.test_root_and_reference" name="test_reference_endpoint_verse_numbers" time="0.004" /><testcase classname="tests.test_router_data_endpoints" name="test_list_translations" time="0.004" /><testcase classname="tests.test_router_data_endpoints" name="test_get_translation_books" time="0.004" /><testcase classname="tests.test_router_data_endpoints" name="test_random_verse" time="0.005" /><testcase classname="tests.test_router_data_endpoints" name="test_random_verse_by_book" time="0.005" /><testcase classname="tests.test_router_data_endpoints" name="test_book_chapters" time="0.004" /><testcase classname="tests.test_router_data_endpoints" name="test_chapter_verses" time="0.006" /><testcase classname="tests.test_router_data_endpoints" name="test_chapter_not_found" time="0.004" /></testsuite></testsuites>